{
  "language": "go",
  "transport": "http",
  "fixtures": {
    "request": "tests/fixtures/go/http/request.json",
    "response": "tests/fixtures/go/http/response.json"
  },
  "conversation": [
    {
      "direction": "client",
      "envelope": {
        "jsonrpc": "2.0",
        "id": 1,
        "method": "mcp.initialize",
        "params": {
          "transport": {
            "kind": "http",
            "endpoint": "http://127.0.0.1:8890/mcp",
            "headers": {
              "x-session-id": "go-http-session"
            }
          },
          "client": {
            "name": "zaevrynth-go-client",
            "language": "go",
            "version": "0.1.0"
          },
          "capabilities": [
            "handshake",
            "ping",
            "capabilities"
          ]
        },
        "meta": {
          "timestamp": "2024-01-17T10:05:00Z",
          "sequence": 1
        }
      }
    },
    {
      "direction": "server",
      "envelope": {
        "jsonrpc": "2.0",
        "id": 1,
        "result": {
          "session": {
            "id": "go-http-session",
            "transport": "http",
            "server_version": "0.1.0",
            "sse_endpoint": "http://127.0.0.1:8890/mcp/events"
          },
          "heartbeat_interval_ms": 5000
        },
        "meta": {
          "timestamp": "2024-01-17T10:05:00Z",
          "sequence": 1
        }
      }
    },
    {
      "direction": "client",
      "envelope": {
        "jsonrpc": "2.0",
        "id": 2,
        "method": "mcp.ping",
        "params": {
          "transport": "http",
          "session_id": "go-http-session",
          "sequence": 63
        },
        "meta": {
          "timestamp": "2024-01-17T10:05:01Z",
          "sequence": 2
        }
      }
    },
    {
      "direction": "server",
      "envelope": {
        "jsonrpc": "2.0",
        "id": 2,
        "result": {
          "ok": true,
          "latency_ms": 16,
          "sequence": 63
        },
        "meta": {
          "timestamp": "2024-01-17T10:05:01Z",
          "sequence": 2
        }
      }
    },
    {
      "direction": "client",
      "envelope": {
        "jsonrpc": "2.0",
        "id": 3,
        "method": "mcp.capabilities",
        "params": {
          "requested": [
            "prompts",
            "resources",
            "tools"
          ],
          "session_id": "go-http-session"
        },
        "meta": {
          "timestamp": "2024-01-17T10:05:02Z",
          "sequence": 3
        }
      }
    },
    {
      "direction": "server",
      "envelope": {
        "jsonrpc": "2.0",
        "id": 3,
        "result": {
          "prompts": [
            "summarize",
            "rewrite"
          ],
          "resources": [
            "vector-store"
          ],
          "tools": [
            "search"
          ],
          "transport": {
            "kind": "http",
            "supports_compression": true
          }
        },
        "meta": {
          "timestamp": "2024-01-17T10:05:02Z",
          "sequence": 3
        }
      }
    }
  ]
}
