[
  {
    "direction": "send",
    "transport": "http",
    "timestamp": "2024-06-01T12:05:00Z",
    "envelope": {
      "jsonrpc": "2.0",
      "id": "python-http-1",
      "method": "call_tool",
      "params": {
        "name": "create-embedding",
        "arguments": {
          "model": "text-embedding-3-large",
          "input": "Summarize integration steps for http transport."
        }
      }
    }
  },
  {
    "direction": "receive",
    "transport": "http",
    "timestamp": "2024-06-01T12:05:00.210Z",
    "envelope": {
      "jsonrpc": "2.0",
      "id": "python-http-1",
      "result": {
        "content": [
          {
            "type": "embeddings",
            "embedding": [
              0.1189,
              0.2744,
              -0.9321
            ]
          }
        ],
        "timing": {
          "latencyMs": 156,
          "transport": "http",
          "roundTripMs": 221
        }
      }
    }
  }
]
