[
  {
    "direction": "send",
    "transport": "stdio",
    "timestamp": "2024-06-01T12:00:00Z",
    "envelope": {
      "jsonrpc": "2.0",
      "id": "python-stdio-1",
      "method": "call_tool",
      "params": {
        "name": "create-embedding",
        "arguments": {
          "model": "text-embedding-3-large",
          "input": "Summarize integration steps for stdio transport."
        }
      }
    }
  },
  {
    "direction": "receive",
    "transport": "stdio",
    "timestamp": "2024-06-01T12:00:00.150Z",
    "envelope": {
      "jsonrpc": "2.0",
      "id": "python-stdio-1",
      "result": {
        "content": [
          {
            "type": "embeddings",
            "embedding": [
              0.0123,
              -0.0044,
              0.9987
            ]
          }
        ],
        "timing": {
          "latencyMs": 123,
          "transport": "stdio"
        }
      }
    }
  }
]
